Trading_Partner_ID
SPOE_ID
Tenant_ID
HIOS_ID
QHP_ID_Lookup_Key
Application_Extract_Date
Application_Extract_Time
Policy_Last_Maintenance_Date
Policy_Last_Maintenance_Time
Application_ID
Transaction_Type_Code
Agent_Broker_First_name
Agent_Broker_Middle_Name
Agent_Broker_Last_Name
Agent_Broker_NPN
Assistor_Type_Code
Individual_Relationship_Code
Subscriber_Indicator
Date_of_Death
Exchanged_Assigned_Subscriber_ID
Exchanged_Assigned_Member_ID
Issuer_Assigned_Member_ID
Issuer_Assigned_Subscriber_ID
QI_Last_Name
QI_First_Name
QI_Middle_Name
QI_Marital_Status
Residential_Address_Line_1
Residential_Address_Line_2
Residential_City_Name
Residential_State_Code
Residential_ZIP_Code
Residential_County_Code
Phone_Number
Social_Security_Number
QI_Birth_Date
QI_Gender
Tobacco_Use_Code
Race_Type
Ethnicity
Language_Code_Spoken
Language_Code_Written
Email_Address
Mailing_Address_Line_1
Mailing_Address_Line_2
Mailing_Address_City
Mailing_Address_State_Code
Mailing_Address_ZIP_Code
Custodial_Parent_Last_Name
Custodial_Parent_First_Name
Custodial_Parent_Mailing_Address_Line_1
Custodial_Parent_Mailing_Address_Line_2
Custodial_Parent_Mailing_Address_City
Custodial_Parent_State_Code
Custodial_Parent_ZIP_Code
Responsible_Person_Last_Name
Responsible_Person_First_Name
Responsible_Person_Mailing_Address_1
Responsible_Person_Mailing_Address_2
Responsible_Person_Address_City
Responsible_Person_State_Code
Responsible_Person_ZIP_Code
Benefit_Start_Date
Benefit_End_Date
Issuer_Assigned_Policy_Number
QHP_Identifier
Confirmation_Indicator
Exchanged_Assigned_Policy_Number
Allocated_APTC_Amount
Applied_APTC_Amount
Applied_APTC_Effective_Date
Applied_APTC_End_Date
CSR_Amount
CSR_Effective_Date
CSR_End_Date
Total_Premium_Amount
Total_Premium_Effective_Date
Total_Premium_End_Date
Individual_Premium_Amount
Individual_Premium_Effective_Date
Individual_Premium_End_Date
Total_Responsibility_Amount
Total_Responsibility_Amount_Effective_Date
Total_Responsibility_Amount_End_Date
End_Of_Year_Termination_Indicator
Cancellation_Source
Termination_Source
Reserved_1
Reserved_2
Reserved_3
Rating_Area
Paid_Through_Date
Payment_Transaction_ID
Insurance_Application_Origina_Type
Insurance_Line_Of_Business
CIC_Correlation_Key
Reserved_4
Reserved_5
Effectuation_Effective_Date_Flag
Effectuation_Effective_Date
Cancelled_Status_Date_Flag
Cancelled_Status_Date_Flag
Termination_Status_Date_Flag
Termination_Status_Date