000) ID
001) TradingPartnerID
002) SendersApplicationCode
003) ReceiversApplicationCode
004) EDIFileName
005) ImageFilePath
006) ImageFileName
007) LoadDate
008) LoadTime
009) Purpose
010) TransactionID
011) TransactionDate
012) TransactionTime
013) Action
014) MasterPolicyNumber
015) EffectiveDate
016) DependentTotal
017) EmployeeTotal
018) MemberTotal
019) ReportStartDate
020) ReportEndDate
021) MaintenanceEffectiveDate
022) EnrollmentDate
023) PaymentCommencementDate
024) Sponsor
025) SponsorIDType
026) SponsorID
027) Payer
028) PayerIDType
029) PayerID
030) BrokerEntityCode
031) Broker
032) BrokerIDType
033) BrokerID
034) BrokerAccount
035) BrokerAccount2
036) TPA
037) TPAIDType
038) TPAID
039) TPAAccount
040) TPAAccount2
041) SubscriberIndicator
042) Relationship
043) MaintenanceType
044) MaintenanceReason
045) BenefitStatus
046) MedicarePlanCode
047) MedicareEligibilityReason
048) COBRACode
049) EmploymentStatus
050) StudentStatus
051) HandicapIndicator
052) DeathDate
053) ConfidentialityCode
054) BirthSequence
055) IncomeFrequency
056) WageAmount
057) HoursWorked
058) WorkLocation
059) SalaryGrade
060) SubscriberNumber
061) PolicyNumber
062) MemberIDType1
063) MemberID1
064) MemberIDType2
065) MemberID2
066) MemberIDType3
067) MemberID3
068) MemberIDType4
069) MemberID4
070) MemberIDType5
071) MemberID5
072) MemberIDType6
073) MemberID6
074) MemberIDType7
075) MemberID7
076) MemberIDType8
077) MemberID8
078) MemberIDType9
079) MemberID9
080) MemberIDType10
081) MemberID10
082) MemberIDType11
083) MemberID11
084) MemberIDType12
085) MemberID12
086) MemberIDType13
087) MemberID13
088) PriorCoverageMonths
089) DateType1
090) Date1
091) DateType2
092) Date2
093) DateType3
094) Date3
095) MemberLastName
096) MemberFirstName
097) MemberMiddleName
098) MemberPrefix
099) MemberSuffix
100) MemberIDType
101) MemberID
102) CommQual1
103) CommunicationNumber1
104) CommQual2
105) CommunicationNumber2
106) CommQual3
107) CommunicationNumber3
108) MemberAddress1
109) MemberAddress2
110) MemberCity
111) MemberState
112) MemberZip
113) MemberCountry
114) MemberArea
115) MemberCounty
116) MemberSubdivision
117) MemberBirthday
118) MemberSex
119) MemberMaritialStatus
120) MemberRace1
121) MemberRace2
122) MemberRace2_1
123) MemberRace2_2
124) MemberRace3_1
125) MemberRace3_2
126) MemberRace4_1
127) MemberRace4_2
128) MemberRace5_1
129) MemberRace5_2
130) MemberRaceCollection
131) MemberCitizenshipStatus
132) CoInsurance
133) CoPayment
134) Deductible
135) Premium
136) HealthRelatedCode
137) Height
138) Weight
139) LanguageCodeList
140) Language
141) LanguageDescription
142) LanguageUse
143) IncorrectLastName
144) IncorrectFirstName
145) IncorrectMiddleName
146) IncorrectIDType
147) IncorrectID
148) IncorrectBirthday
149) IncorrectSex
150) MailingAddress1
151) MailingAddress2
152) MailingCity
153) MailingState
154) MailingZip
155) MailingCountry
156) MailingSubdivision
157) EmployerName
158) EmployerID
159) EmployerCommQual1
160) EmployerCommNumber1
161) EmployerCommQual2
162) EmployerCommNumber2
163) EmployerCommQual3
164) EmployerCommNumber3
165) EmployerAddress1
166) EmployerAddress2
167) EmployerCity
168) EmployerState
169) EmployerZip
170) EmployerCountry
171) EmployerSubdivision
172) SchoolName
173) SchoolCommQual1
174) SchoolCommNumber1
175) SchoolCommQual2
176) SchoolCommNumber2
177) SchoolCommQual3
178) SchoolCommNumber3
179) SchoolAddress1
180) SchoolAddress2
181) SchoolCity
182) SchoolState
183) SchoolZip
184) SchoolCountry
185) SchoolSubdivision
186) CustodianLastName
187) CustodianFirstName
188) CustodianMiddleName
189) CustodianIDType
190) CustodianID
191) CustodianCommQual1
192) CustodianCommNumber1
193) CustodianCommQual2
194) CustodianCommNumber2
195) CustodianCommQual3
196) CustodianCommNumber3
197) CustodianAddress1
198) CustodianAddress2
199) CustodianCity
200) CustodianState
201) CustodianZip
202) CustodianCountry
203) CustodianSubdivision
204) ResponsibleType
205) ResponsibleLastName
206) ResponsibleFirstName
207) ResponsibleMiddleName
208) ResponsibleIDType
209) ResponsibleID
210) ResponsibleCommQual1
211) ResponsibleCommNumber1
212) ResponsibleCommQual2
213) ResponsibleCommNumber2
214) ResponsibleCommQual3
215) ResponsibleCommNumber3
216) ResponsibleAddress1
217) ResponsibleAddress2
218) ResponsibleCity
219) ResponsibleState
220) ResponsibleZip
221) ResponsibleCountry
222) ResponsibleSubdivision
223) DropOffLocationLastName
224) DropOffLocationFirstName
225) DropOffLocationMiddleName
226) DropOffLocationAddress1
227) DropOffLocationAddress2
228) DropOffLocationCity
229) DropOffLocationState
230) DropOffLocationZip
231) DropOffLocationCountry
232) DropOffLocationSubdivision
233) DisabilityType
234) DisabilityDiagnosisQual
235) DisabilityDiagnosis
236) DisabilityBegin
237) DisabilityEnd
238) ID
239) EnrollmentID
240) MaintenanceType
241) InsuranceLine
242) Description
243) CoverageLevel
244) ConditionResponseCode
245) SignatureDate
246) EffectiveDate
247) PremiumPaidtoDateEnd
248) BenefitBegin
249) BenefitEnd
250) LastPremiumPaidDate
251) PreviousPeriod
252) PolicyNumber
253) ClientReportingCategory
254) PaymentPlanType
255) CountyCode
256) CoverageIDQual1
257) CoverageID1
258) CoverageIDQual2
259) CoverageID2
260) PriorCoverageMonths
261) CoInsurance
262) CoPayment
263) Deductible
264) Premium
265) IDCardPlanCoverage1
266) IDCardType1
267) IDCardCount1
268) IDCardAction1
269) IDCardPlanCoverage2
270) IDCardType2
271) IDCardCount2
272) IDCardAction2
273) IDCardPlanCoverage3
274) IDCardType3
275) IDCardCount3
276) IDCardAction3
277) ProviderType
278) ProviderLastName
279) ProviderFirstName
280) ProviderMiddleName
281) ProviderIDType
282) ProviderID
283) ProviderRelationship
284) ProviderAddress1
285) ProviderAddress2
286) ProviderCity
287) ProviderState
288) ProviderZip
289) ProviderCountry
290) ProviderLocationQualifier
291) ProviderLocation
292) ProviderSubdivision
293) ProviderPhone
294) ProviderFax
295) ProviderEmail
296) PCP_ChangeReason
297) PCP_ChangeDate
298) Provider2Type
299) Provider2LastName
300) Provider2FirstName
301) Provider2MiddleName
302) Provider2IDType
303) Provider2ID
304) Provider2Relationship
305) Provider2Address1
306) Provider2Address2
307) Provider2City
308) Provider2State
309) Provider2Zip
310) Provider2Country
311) Provider2LocationQualifier
312) Provider2Location
313) Provider2Subdivision
314) Provider2Phone
315) Provider2Fax
316) Provider2Email
317) PCP2_ChangeReason
318) PCP2_ChangeDate
319) COB_Sequence
320) COB_Policy
321) COB_Code
322) COB_ServiceTypeCode
323) COB_GroupNo
324) COB_AccountSuffix
325) COB_SSN
326) COB_IndividualID
327) COB_Type
328) COB_Name
329) COB_IDType
330) COB_ID
331) COB_Address1
332) COB_Address2
333) COB_City
334) COB_State
335) COB_Zip
336) COB_Country
337) COB_Subdivision
338) COB_CommQual
339) COB_CommNum
340) COB_Begin
341) COB_End
342) COB2_Sequence
343) COB2_Policy
344) COB2_Code
345) COB2_ServiceTypeCode
346) COB2_GroupNo
347) COB2_AccountSuffix
348) COB2_SSN
349) COB2_IndividualID
350) COB2_Type
351) COB2_Name
352) COB2_IDType
353) COB2_ID
354) COB2_Address1
355) COB2_Address2
356) COB2_City
357) COB2_State
358) COB2_Zip
359) COB2_Country
360) COB2_Subdivision
361) COB2_CommQual
362) COB2_CommNum
363) COB2_Begin
364) COB2_End